************************************************************
*                                                          *
*                     Simulation report                    *
*                                                          *
************************************************************

Simulation ID: 20100303-IWIWRO
Date: 2010-Mar-03 12:26:49.275786
Computer: lisah-crampling
User: fabrejc

Input data set: /home/fabrejc/Labo/OpenFLUID/Production/workspace/Engine-trunk/tests/datasets/OPENFLUID.IN.CheckProgOut
Output data set: /home/fabrejc/Labo/OpenFLUID/Production/workspace/Engine-trunk/_build/tests-output/OPENFLUID.OUT.CheckProgOut

Spatial domain:
  - TestUnits, 12 units

Simulation period: 2000-01-01 00:00:00 to 2000-06-30 23:59:59
Time steps: 29283 of 537 seconds
