% simulation ID: 20100225-ZYOQLK
% file: TestUnits11_full.scalars.out
% date: 2010-Feb-25 14:26:25.529002
% unit: TestUnits #11
% scalar variables order (after date and time columns): tests.scalar

2000 01 01 00 00 00 0
2000 01 01 01 00 00 11
2000 01 01 02 00 00 22
2000 01 01 03 00 00 33
2000 01 01 04 00 00 44
2000 01 01 05 00 00 55
