% simulation ID: 20100225-ZYOQLK
% file: TestUnits12_full.vector.tests.vector.out
% date: 2010-Feb-25 14:26:25.529002
% unit: TestUnits #12
% vector variable: tests.vector
% the vector values are ordered left to right, from index 0 to size-1 (after date and time columns)

2000 01 01 00 00 00 0 0 0 0 0
2000 01 01 01 00 00 1 1 1 1 1
2000 01 01 02 00 00 2 2 2 2 2
2000 01 01 03 00 00 3 3 3 3 3
2000 01 01 04 00 00 4 4 4 4 4
2000 01 01 05 00 00 5 5 5 5 5
