************************************************************
*                                                          *
*                     Simulation report                    *
*                                                          *
************************************************************

Simulation ID: 20100311-PPKMWO
Date: 2010-Mar-11 09:25:55.297363
Computer: lisah-crampling
User: fabrejc

Input data set: /home/fabrejc/Labo/OpenFLUID/Production/workspace/Engine-trunk/tests/datasets/OPENFLUID.IN.CheckOutputsDirect/
Output data set: /home/fabrejc/Labo/OpenFLUID/Production/workspace/Engine-trunk/tests/datasets/OPENFLUID.REF.CheckOutputs/

Spatial domain:
  - UnitsA, 7 units
  - UnitsB, 5 units

Simulation period: 2000-01-01 00:00:00 to 2000-01-01 06:00:00
Time steps: 180 of 120 seconds
